// Jest Snapshot v1, https://goo.gl/fbAQLP

exports[`AddUser renders a snapshot properly 1`] = `
<form
  onSubmit={[Function]}
>
  <div
    className="field"
  >
    <div
      className="field"
    >
      <input
        className="input is-small"
        name="email"
        placeholder="Enter an email address"
        required={true}
        type="email"
      />
    </div>
    <input
      className="input is-small"
      name="password"
      placeholder="Enter a password"
      required={true}
      type="password"
    />
  </div>
  <input
    className="button is-primary is-small is-fullwidth"
    type="submit"
    value="Submit"
  />
</form>
`;
